 WARN  Unsupported engine: wanted: {"node":"20.18.x"} (current: {"node":"v22.18.0","pnpm":"10.12.2"})
